// Jest Snapshot v1, https://goo.gl/fbAQLP

exports[`<Main /> should render heading 1`] = `
<div>
  <h2
    class="chakra-heading css-1bjy6au"
  >
    Burger App
  </h2>
</div>
`;
